
> Configure project :app
WARNING: Using flatDir should be avoided because it doesn't support any meta-data formats.

> Configure project :capacitor-cordova-android-plugins
WARNING: Using flatDir should be avoided because it doesn't support any meta-data formats.

> Task :app:preBuild UP-TO-DATE
> Task :app:preDebugBuild UP-TO-DATE
> Task :app:mergeDebugNativeDebugMetadata NO-SOURCE
> Task :app:javaPreCompileDebug UP-TO-DATE
> Task :capacitor-android:preBuild UP-TO-DATE
> Task :capacitor-android:preDebugBuild UP-TO-DATE
> Task :capacitor-android:writeDebugAarMetadata UP-TO-DATE
> Task :capacitor-app:preBuild UP-TO-DATE
> Task :capacitor-app:preDebugBuild UP-TO-DATE
> Task :capacitor-app:writeDebugAarMetadata UP-TO-DATE
> Task :capacitor-browser:preBuild UP-TO-DATE
> Task :capacitor-browser:preDebugBuild UP-TO-DATE
> Task :capacitor-browser:writeDebugAarMetadata UP-TO-DATE
> Task :capacitor-cordova-android-plugins:preBuild UP-TO-DATE
> Task :capacitor-cordova-android-plugins:preDebugBuild UP-TO-DATE
> Task :capacitor-keyboard:preBuild UP-TO-DATE
> Task :capacitor-keyboard:preDebugBuild UP-TO-DATE
> Task :capacitor-keyboard:writeDebugAarMetadata UP-TO-DATE
> Task :capacitor-cordova-android-plugins:writeDebugAarMetadata
> Task :capacitor-splash-screen:preBuild UP-TO-DATE
> Task :capacitor-splash-screen:preDebugBuild UP-TO-DATE
> Task :capacitor-splash-screen:writeDebugAarMetadata UP-TO-DATE
> Task :app:checkDebugAarMetadata UP-TO-DATE
> Task :capacitor-android:processDebugNavigationResources UP-TO-DATE
> Task :capacitor-app:processDebugNavigationResources UP-TO-DATE
> Task :capacitor-browser:processDebugNavigationResources UP-TO-DATE
> Task :capacitor-cordova-android-plugins:processDebugNavigationResources
> Task :capacitor-keyboard:processDebugNavigationResources UP-TO-DATE
> Task :capacitor-splash-screen:processDebugNavigationResources UP-TO-DATE
> Task :app:processDebugNavigationResources UP-TO-DATE
> Task :app:compileDebugNavigationResources UP-TO-DATE
> Task :app:generateDebugResValues UP-TO-DATE
> Task :capacitor-android:generateDebugResValues UP-TO-DATE
> Task :capacitor-android:generateDebugResources UP-TO-DATE
> Task :capacitor-android:packageDebugResources UP-TO-DATE
> Task :capacitor-app:generateDebugResValues UP-TO-DATE
> Task :capacitor-app:generateDebugResources UP-TO-DATE
> Task :capacitor-app:packageDebugResources UP-TO-DATE
> Task :capacitor-browser:generateDebugResValues UP-TO-DATE
> Task :capacitor-browser:generateDebugResources UP-TO-DATE
> Task :capacitor-browser:packageDebugResources UP-TO-DATE
> Task :capacitor-cordova-android-plugins:generateDebugResValues
> Task :capacitor-cordova-android-plugins:generateDebugResources
> Task :capacitor-cordova-android-plugins:packageDebugResources
> Task :capacitor-keyboard:generateDebugResValues UP-TO-DATE
> Task :capacitor-keyboard:generateDebugResources UP-TO-DATE
> Task :capacitor-keyboard:packageDebugResources UP-TO-DATE
> Task :capacitor-splash-screen:generateDebugResValues UP-TO-DATE
> Task :capacitor-splash-screen:generateDebugResources UP-TO-DATE
> Task :capacitor-splash-screen:packageDebugResources UP-TO-DATE
> Task :app:mapDebugSourceSetPaths UP-TO-DATE
> Task :app:generateDebugResources UP-TO-DATE
> Task :app:mergeDebugResources UP-TO-DATE
> Task :app:packageDebugResources UP-TO-DATE
> Task :app:parseDebugLocalResources UP-TO-DATE
> Task :app:createDebugCompatibleScreenManifests UP-TO-DATE
> Task :app:extractDeepLinksDebug UP-TO-DATE
> Task :capacitor-android:extractDeepLinksDebug UP-TO-DATE
> Task :capacitor-android:processDebugManifest UP-TO-DATE
> Task :capacitor-app:extractDeepLinksDebug UP-TO-DATE
> Task :capacitor-app:processDebugManifest UP-TO-DATE
> Task :capacitor-browser:extractDeepLinksDebug UP-TO-DATE
> Task :capacitor-browser:processDebugManifest UP-TO-DATE
> Task :capacitor-cordova-android-plugins:extractDeepLinksDebug
> Task :capacitor-keyboard:extractDeepLinksDebug UP-TO-DATE
> Task :capacitor-keyboard:processDebugManifest UP-TO-DATE
> Task :capacitor-splash-screen:extractDeepLinksDebug UP-TO-DATE
> Task :capacitor-splash-screen:processDebugManifest UP-TO-DATE
> Task :capacitor-android:compileDebugLibraryResources UP-TO-DATE
> Task :capacitor-android:parseDebugLocalResources UP-TO-DATE
> Task :capacitor-android:generateDebugRFile UP-TO-DATE
> Task :capacitor-cordova-android-plugins:processDebugManifest
> Task :app:processDebugMainManifest UP-TO-DATE
> Task :app:processDebugManifest UP-TO-DATE
> Task :app:processDebugManifestForPackage UP-TO-DATE
> Task :capacitor-app:compileDebugLibraryResources UP-TO-DATE
> Task :capacitor-app:parseDebugLocalResources UP-TO-DATE
> Task :capacitor-app:generateDebugRFile UP-TO-DATE
> Task :capacitor-browser:compileDebugLibraryResources UP-TO-DATE
> Task :capacitor-browser:parseDebugLocalResources UP-TO-DATE
> Task :capacitor-browser:generateDebugRFile UP-TO-DATE
> Task :capacitor-cordova-android-plugins:compileDebugLibraryResources
> Task :capacitor-keyboard:compileDebugLibraryResources UP-TO-DATE
> Task :capacitor-keyboard:parseDebugLocalResources UP-TO-DATE
> Task :capacitor-keyboard:generateDebugRFile UP-TO-DATE
> Task :capacitor-splash-screen:compileDebugLibraryResources UP-TO-DATE
> Task :capacitor-splash-screen:parseDebugLocalResources UP-TO-DATE
> Task :capacitor-splash-screen:generateDebugRFile UP-TO-DATE
> Task :capacitor-android:javaPreCompileDebug UP-TO-DATE
> Task :capacitor-cordova-android-plugins:parseDebugLocalResources
> Task :capacitor-android:compileDebugJavaWithJavac UP-TO-DATE
> Task :capacitor-android:bundleLibCompileToJarDebug UP-TO-DATE
> Task :capacitor-app:javaPreCompileDebug UP-TO-DATE
> Task :capacitor-cordova-android-plugins:generateDebugRFile
> Task :capacitor-app:compileDebugJavaWithJavac UP-TO-DATE
> Task :app:processDebugResources UP-TO-DATE
> Task :capacitor-app:bundleLibCompileToJarDebug UP-TO-DATE
> Task :capacitor-browser:javaPreCompileDebug UP-TO-DATE
> Task :capacitor-browser:compileDebugJavaWithJavac UP-TO-DATE
> Task :capacitor-browser:bundleLibCompileToJarDebug UP-TO-DATE
> Task :capacitor-keyboard:javaPreCompileDebug UP-TO-DATE
> Task :capacitor-cordova-android-plugins:javaPreCompileDebug
> Task :capacitor-cordova-android-plugins:compileDebugJavaWithJavac NO-SOURCE
> Task :capacitor-cordova-android-plugins:bundleLibCompileToJarDebug
> Task :capacitor-keyboard:compileDebugJavaWithJavac UP-TO-DATE
> Task :capacitor-keyboard:bundleLibCompileToJarDebug UP-TO-DATE
> Task :capacitor-splash-screen:javaPreCompileDebug UP-TO-DATE
> Task :capacitor-splash-screen:compileDebugJavaWithJavac UP-TO-DATE
> Task :capacitor-splash-screen:bundleLibCompileToJarDebug UP-TO-DATE
> Task :app:compileDebugJavaWithJavac UP-TO-DATE
> Task :app:mergeDebugShaders UP-TO-DATE
> Task :app:compileDebugShaders NO-SOURCE
> Task :app:generateDebugAssets UP-TO-DATE
> Task :capacitor-android:mergeDebugShaders UP-TO-DATE
> Task :capacitor-android:compileDebugShaders NO-SOURCE
> Task :capacitor-android:generateDebugAssets UP-TO-DATE
> Task :capacitor-android:mergeDebugAssets UP-TO-DATE
> Task :capacitor-app:mergeDebugShaders UP-TO-DATE
> Task :capacitor-app:compileDebugShaders NO-SOURCE
> Task :capacitor-app:generateDebugAssets UP-TO-DATE
> Task :capacitor-app:mergeDebugAssets UP-TO-DATE
> Task :capacitor-browser:mergeDebugShaders UP-TO-DATE
> Task :capacitor-browser:compileDebugShaders NO-SOURCE
> Task :capacitor-browser:generateDebugAssets UP-TO-DATE
> Task :capacitor-browser:mergeDebugAssets UP-TO-DATE
> Task :capacitor-cordova-android-plugins:mergeDebugShaders
> Task :capacitor-cordova-android-plugins:compileDebugShaders NO-SOURCE
> Task :capacitor-cordova-android-plugins:generateDebugAssets UP-TO-DATE
> Task :capacitor-cordova-android-plugins:mergeDebugAssets
> Task :capacitor-keyboard:mergeDebugShaders UP-TO-DATE
> Task :capacitor-keyboard:compileDebugShaders NO-SOURCE
> Task :capacitor-keyboard:generateDebugAssets UP-TO-DATE
> Task :capacitor-keyboard:mergeDebugAssets UP-TO-DATE
> Task :capacitor-splash-screen:mergeDebugShaders UP-TO-DATE
> Task :capacitor-splash-screen:compileDebugShaders NO-SOURCE
> Task :capacitor-splash-screen:generateDebugAssets UP-TO-DATE
> Task :capacitor-splash-screen:mergeDebugAssets UP-TO-DATE
> Task :app:mergeDebugAssets
> Task :capacitor-app:bundleLibRuntimeToJarDebug UP-TO-DATE
> Task :capacitor-browser:bundleLibRuntimeToJarDebug UP-TO-DATE
> Task :capacitor-keyboard:bundleLibRuntimeToJarDebug UP-TO-DATE
> Task :capacitor-splash-screen:bundleLibRuntimeToJarDebug UP-TO-DATE
> Task :capacitor-android:bundleLibRuntimeToJarDebug UP-TO-DATE
> Task :app:desugarDebugFileDependencies UP-TO-DATE
> Task :capacitor-cordova-android-plugins:bundleLibRuntimeToJarDebug
> Task :app:dexBuilderDebug UP-TO-DATE
> Task :app:processDebugJavaRes NO-SOURCE
> Task :app:compressDebugAssets
> Task :capacitor-android:processDebugJavaRes NO-SOURCE
> Task :capacitor-app:processDebugJavaRes NO-SOURCE
> Task :app:mergeDebugGlobalSynthetics UP-TO-DATE
> Task :capacitor-browser:processDebugJavaRes NO-SOURCE
> Task :capacitor-cordova-android-plugins:processDebugJavaRes NO-SOURCE
> Task :capacitor-keyboard:processDebugJavaRes NO-SOURCE
> Task :capacitor-splash-screen:processDebugJavaRes NO-SOURCE
> Task :app:mergeDebugJavaResource UP-TO-DATE
> Task :app:checkDebugDuplicateClasses UP-TO-DATE
> Task :app:mergeExtDexDebug UP-TO-DATE
> Task :capacitor-app:bundleLibRuntimeToDirDebug UP-TO-DATE
> Task :capacitor-browser:bundleLibRuntimeToDirDebug UP-TO-DATE
> Task :capacitor-keyboard:bundleLibRuntimeToDirDebug UP-TO-DATE
> Task :capacitor-splash-screen:bundleLibRuntimeToDirDebug UP-TO-DATE
> Task :capacitor-android:bundleLibRuntimeToDirDebug UP-TO-DATE
> Task :app:mergeProjectDexDebug UP-TO-DATE
> Task :app:mergeDebugJniLibFolders UP-TO-DATE
> Task :capacitor-cordova-android-plugins:bundleLibRuntimeToDirDebug
> Task :capacitor-android:mergeDebugJniLibFolders UP-TO-DATE
> Task :capacitor-android:mergeDebugNativeLibs NO-SOURCE
> Task :capacitor-android:copyDebugJniLibsProjectOnly UP-TO-DATE
> Task :capacitor-app:mergeDebugJniLibFolders UP-TO-DATE
> Task :capacitor-app:mergeDebugNativeLibs NO-SOURCE
> Task :app:mergeLibDexDebug UP-TO-DATE
> Task :capacitor-app:copyDebugJniLibsProjectOnly UP-TO-DATE
> Task :capacitor-browser:mergeDebugJniLibFolders UP-TO-DATE
> Task :capacitor-browser:mergeDebugNativeLibs NO-SOURCE
> Task :capacitor-browser:copyDebugJniLibsProjectOnly UP-TO-DATE
> Task :capacitor-cordova-android-plugins:mergeDebugJniLibFolders
> Task :capacitor-cordova-android-plugins:mergeDebugNativeLibs NO-SOURCE
> Task :capacitor-cordova-android-plugins:copyDebugJniLibsProjectOnly
> Task :capacitor-keyboard:mergeDebugJniLibFolders UP-TO-DATE
> Task :capacitor-keyboard:mergeDebugNativeLibs NO-SOURCE
> Task :capacitor-keyboard:copyDebugJniLibsProjectOnly UP-TO-DATE
> Task :capacitor-splash-screen:mergeDebugJniLibFolders UP-TO-DATE
> Task :capacitor-splash-screen:mergeDebugNativeLibs NO-SOURCE
> Task :capacitor-splash-screen:copyDebugJniLibsProjectOnly UP-TO-DATE
> Task :app:mergeDebugNativeLibs NO-SOURCE
> Task :app:stripDebugDebugSymbols NO-SOURCE
> Task :app:validateSigningDebug UP-TO-DATE
> Task :app:writeDebugAppMetadata UP-TO-DATE
> Task :app:writeDebugSigningConfigVersions UP-TO-DATE
> Task :capacitor-android:checkDebugAarMetadata UP-TO-DATE
> Task :capacitor-android:stripDebugDebugSymbols NO-SOURCE
> Task :capacitor-android:copyDebugJniLibsProjectAndLocalJars UP-TO-DATE
> Task :capacitor-android:extractDebugAnnotations UP-TO-DATE
> Task :capacitor-android:extractDeepLinksForAarDebug UP-TO-DATE
> Task :capacitor-android:mergeDebugGeneratedProguardFiles UP-TO-DATE
> Task :capacitor-android:mergeDebugConsumerProguardFiles UP-TO-DATE
> Task :capacitor-android:prepareDebugArtProfile UP-TO-DATE
> Task :capacitor-android:prepareLintJarForPublish UP-TO-DATE
> Task :capacitor-android:mergeDebugJavaResource UP-TO-DATE
> Task :capacitor-android:syncDebugLibJars UP-TO-DATE
> Task :capacitor-android:bundleDebugAar UP-TO-DATE
> Task :capacitor-android:assembleDebug UP-TO-DATE
> Task :capacitor-app:checkDebugAarMetadata UP-TO-DATE
> Task :capacitor-app:stripDebugDebugSymbols NO-SOURCE
> Task :capacitor-app:copyDebugJniLibsProjectAndLocalJars UP-TO-DATE
> Task :capacitor-app:extractDebugAnnotations UP-TO-DATE
> Task :capacitor-app:extractDeepLinksForAarDebug UP-TO-DATE
> Task :capacitor-app:mergeDebugGeneratedProguardFiles UP-TO-DATE
> Task :app:packageDebug
> Task :app:createDebugApkListingFileRedirect UP-TO-DATE
> Task :app:assembleDebug
> Task :capacitor-app:mergeDebugConsumerProguardFiles UP-TO-DATE
> Task :capacitor-app:prepareDebugArtProfile UP-TO-DATE
> Task :capacitor-app:prepareLintJarForPublish UP-TO-DATE
> Task :capacitor-app:mergeDebugJavaResource UP-TO-DATE
> Task :capacitor-app:syncDebugLibJars UP-TO-DATE
> Task :capacitor-app:bundleDebugAar UP-TO-DATE
> Task :capacitor-app:assembleDebug UP-TO-DATE
> Task :capacitor-browser:checkDebugAarMetadata UP-TO-DATE
> Task :capacitor-browser:stripDebugDebugSymbols NO-SOURCE
> Task :capacitor-browser:copyDebugJniLibsProjectAndLocalJars UP-TO-DATE
> Task :capacitor-browser:extractDebugAnnotations UP-TO-DATE
> Task :capacitor-browser:extractDeepLinksForAarDebug UP-TO-DATE
> Task :capacitor-browser:mergeDebugGeneratedProguardFiles UP-TO-DATE
> Task :capacitor-browser:mergeDebugConsumerProguardFiles UP-TO-DATE
> Task :capacitor-browser:prepareDebugArtProfile UP-TO-DATE
> Task :capacitor-browser:prepareLintJarForPublish UP-TO-DATE
> Task :capacitor-browser:mergeDebugJavaResource UP-TO-DATE
> Task :capacitor-browser:syncDebugLibJars UP-TO-DATE
> Task :capacitor-browser:bundleDebugAar UP-TO-DATE
> Task :capacitor-browser:assembleDebug UP-TO-DATE
> Task :capacitor-cordova-android-plugins:stripDebugDebugSymbols NO-SOURCE
> Task :capacitor-cordova-android-plugins:copyDebugJniLibsProjectAndLocalJars
> Task :capacitor-cordova-android-plugins:checkDebugAarMetadata
> Task :capacitor-cordova-android-plugins:extractDebugAnnotations
> Task :capacitor-cordova-android-plugins:extractDeepLinksForAarDebug UP-TO-DATE
> Task :capacitor-cordova-android-plugins:mergeDebugGeneratedProguardFiles UP-TO-DATE
> Task :capacitor-cordova-android-plugins:mergeDebugConsumerProguardFiles UP-TO-DATE
> Task :capacitor-cordova-android-plugins:prepareDebugArtProfile UP-TO-DATE
> Task :capacitor-cordova-android-plugins:prepareLintJarForPublish UP-TO-DATE
> Task :capacitor-keyboard:checkDebugAarMetadata UP-TO-DATE
> Task :capacitor-keyboard:stripDebugDebugSymbols NO-SOURCE
> Task :capacitor-keyboard:copyDebugJniLibsProjectAndLocalJars UP-TO-DATE
> Task :capacitor-keyboard:extractDebugAnnotations UP-TO-DATE
> Task :capacitor-keyboard:extractDeepLinksForAarDebug UP-TO-DATE
> Task :capacitor-keyboard:mergeDebugGeneratedProguardFiles UP-TO-DATE
> Task :capacitor-keyboard:mergeDebugConsumerProguardFiles UP-TO-DATE
> Task :capacitor-keyboard:prepareDebugArtProfile UP-TO-DATE
> Task :capacitor-keyboard:prepareLintJarForPublish UP-TO-DATE
> Task :capacitor-keyboard:mergeDebugJavaResource UP-TO-DATE
> Task :capacitor-keyboard:syncDebugLibJars UP-TO-DATE
> Task :capacitor-keyboard:bundleDebugAar UP-TO-DATE
> Task :capacitor-keyboard:assembleDebug UP-TO-DATE
> Task :capacitor-cordova-android-plugins:mergeDebugJavaResource
> Task :capacitor-splash-screen:checkDebugAarMetadata UP-TO-DATE
> Task :capacitor-cordova-android-plugins:syncDebugLibJars
> Task :capacitor-cordova-android-plugins:bundleDebugAar
> Task :capacitor-cordova-android-plugins:assembleDebug
> Task :capacitor-splash-screen:stripDebugDebugSymbols NO-SOURCE
> Task :capacitor-splash-screen:copyDebugJniLibsProjectAndLocalJars UP-TO-DATE
> Task :capacitor-splash-screen:extractDebugAnnotations UP-TO-DATE
> Task :capacitor-splash-screen:extractDeepLinksForAarDebug UP-TO-DATE
> Task :capacitor-splash-screen:mergeDebugGeneratedProguardFiles UP-TO-DATE
> Task :capacitor-splash-screen:mergeDebugConsumerProguardFiles UP-TO-DATE
> Task :capacitor-splash-screen:prepareDebugArtProfile UP-TO-DATE
> Task :capacitor-splash-screen:prepareLintJarForPublish UP-TO-DATE
> Task :capacitor-splash-screen:mergeDebugJavaResource UP-TO-DATE
> Task :capacitor-splash-screen:syncDebugLibJars UP-TO-DATE
> Task :capacitor-splash-screen:bundleDebugAar UP-TO-DATE
> Task :capacitor-splash-screen:assembleDebug UP-TO-DATE

BUILD SUCCESSFUL in 3s
213 actionable tasks: 27 executed, 186 up-to-date
