✔ Copying web assets from dist-app to android/app/src/main/assets/public in 22.32ms
✔ Creating capacitor.config.json in android/app/src/main/assets in 1.15ms
✔ copy android in 38.52ms
✔ Updating Android plugins in 1.31ms
[info] Found 4 Capacitor plugins for android:
       @capacitor/app@8.0.1
       @capacitor/browser@8.0.0
       @capacitor/keyboard@8.0.6
       @capacitor/splash-screen@8.0.1
✔ update android in 62.46ms
✔ Copying web assets from dist-app to ios/App/App/public in 4.93ms
✔ Creating capacitor.config.json in ios/App/App in 250.75μs
✔ copy ios in 23.10ms
✔ Updating iOS plugins in 1.44ms
[info] All Capacitor plugins have a Package.swift file and will be included in Package.swift
[info] Writing Package.swift
[info] Found 4 Capacitor plugins for ios:
       @capacitor/app@8.0.1
       @capacitor/browser@8.0.0
       @capacitor/keyboard@8.0.6
       @capacitor/splash-screen@8.0.1
✔ update ios in 14.33ms
✔ copy web in 3.13ms
✔ update web in 3.37ms
[info] Sync finished in 0.203s
